// Jest Snapshot v1, https://goo.gl/fbAQLP

exports[`<Color /> 1`] = `
<div
  className="c-color"
>
  <div
    aria-describedby="tooltip"
    className="c-pop-hover-wrapper"
    onBlur={[Function]}
    onFocus={[Function]}
    onMouseOver={[Function]}
    tabIndex={0}
  >
    <div
      className="c-color__content"
    >
      <div
        className="c-color__color"
        style={
          Object {
            "backgroundColor": undefined,
          }
        }
      />
      <div
        className="c-color__label"
      />
    </div>
  </div>
</div>
`;
